// Jest Snapshot v1, https://goo.gl/fbAQLP

exports[`ProgressiveImage renders correctly 1`] = `
ShallowWrapper {
  "complexSelector": ComplexSelector {
    "buildPredicate": [Function],
    "childrenOfNode": [Function],
    "findWhereUnwrapped": [Function],
  },
  "length": 1,
  "node": <img
    alt=""
    className=""
    height="100%"
    src="me_1_low.jpg"
    style={
        Object {
            "filter": "",
          }
    }
    width="100%"
/>,
  "nodes": Array [
    <img
      alt=""
      className=""
      height="100%"
      src="me_1_low.jpg"
      style={
            Object {
                  "filter": "",
                }
      }
      width="100%"
/>,
  ],
  "options": Object {},
  "renderer": ReactShallowRenderer {
    "_context": Object {},
    "_element": <ProgressiveImage
      customClass=""
      piAlt=""
      piFilterEffect=""
      piHeight="100%"
      piMainImageSource="me_1.jpg"
      piTinyImageSource="me_1_low.jpg"
      piWidth="100%"
/>,
    "_forcedUpdate": false,
    "_instance": ProgressiveImage {
      "PreloadImage": [Function],
      "context": Object {},
      "props": Object {
        "customClass": "",
        "piAlt": "",
        "piFilterEffect": "",
        "piHeight": "100%",
        "piMainImageSource": "me_1.jpg",
        "piTinyImageSource": "me_1_low.jpg",
        "piWidth": "100%",
      },
      "refs": Object {},
      "state": Object {
        "imgLoaded": false,
        "piTinyImageSource": "me_1_low.jpg",
      },
      "updater": Updater {
        "_callbacks": Array [],
        "_renderer": [Circular],
      },
    },
    "_newState": null,
    "_rendered": <img
      alt=""
      className=""
      height="100%"
      src="me_1_low.jpg"
      style={
            Object {
                  "filter": "",
                }
      }
      width="100%"
/>,
    "_rendering": false,
    "_updater": Updater {
      "_callbacks": Array [],
      "_renderer": [Circular],
    },
    "getRenderOutput": [Function],
    "render": [Function],
  },
  "root": [Circular],
  "unrendered": <ProgressiveImage
    customClass=""
    piAlt=""
    piFilterEffect=""
    piHeight="100%"
    piMainImageSource="me_1.jpg"
    piTinyImageSource="me_1_low.jpg"
    piWidth="100%"
/>,
}
`;
