// Jest Snapshot v1, https://goo.gl/fbAQLP

exports[`Project Details Component renders correctly 1`] = `
ShallowWrapper {
  "complexSelector": ComplexSelector {
    "buildPredicate": [Function],
    "childrenOfNode": [Function],
    "findWhereUnwrapped": [Function],
  },
  "length": 1,
  "node": <Route>
    [Function]
</Route>,
  "nodes": Array [
    <Route>
      [Function]
</Route>,
  ],
  "options": Object {},
  "renderer": ReactShallowRenderer {
    "_context": Object {},
    "_element": <withRouter(ProjectDetails)
      ProjectData={
            Object {
                  "DnD": Object {
                    "client": "Training MFRP",
                    "date": "April 2015",
                    "heading": "Deal or No Deal",
                    "images": Array [
                      "me_1.jpg",
                    ],
                    "role": "Front End Developer",
                    "shortDesc": "Deal or no deal is a fictional game based on the inidian TV Game show.",
                    "tech": "HTML5, CSS3, JavaScript",
                  },
                }
      }
      nextProj="next project name"
      prevProj="previous project name"
/>,
    "_forcedUpdate": false,
    "_instance": null,
    "_newState": null,
    "_rendered": <Route>
      [Function]
</Route>,
    "_rendering": false,
    "_updater": Updater {
      "_callbacks": Array [],
      "_renderer": [Circular],
    },
    "getRenderOutput": [Function],
    "render": [Function],
  },
  "root": [Circular],
  "unrendered": <withRouter(ProjectDetails)
    ProjectData={
        Object {
            "DnD": Object {
              "client": "Training MFRP",
              "date": "April 2015",
              "heading": "Deal or No Deal",
              "images": Array [
                "me_1.jpg",
              ],
              "role": "Front End Developer",
              "shortDesc": "Deal or no deal is a fictional game based on the inidian TV Game show.",
              "tech": "HTML5, CSS3, JavaScript",
            },
          }
    }
    nextProj="next project name"
    prevProj="previous project name"
/>,
}
`;
