// Jest Snapshot v1, https://goo.gl/fbAQLP

exports[`Skills Component renders correctly 1`] = `
ShallowWrapper {
  "complexSelector": ComplexSelector {
    "buildPredicate": [Function],
    "childrenOfNode": [Function],
    "findWhereUnwrapped": [Function],
  },
  "length": 1,
  "node": <Route>
    [Function]
</Route>,
  "nodes": Array [
    <Route>
      [Function]
</Route>,
  ],
  "options": Object {},
  "renderer": ReactShallowRenderer {
    "_context": Object {},
    "_element": <withRouter(Skills) />,
    "_forcedUpdate": false,
    "_instance": null,
    "_newState": null,
    "_rendered": <Route>
      [Function]
</Route>,
    "_rendering": false,
    "_updater": Updater {
      "_callbacks": Array [],
      "_renderer": [Circular],
    },
    "getRenderOutput": [Function],
    "render": [Function],
  },
  "root": [Circular],
  "unrendered": <withRouter(Skills) />,
}
`;
