// Jest Snapshot v1, https://goo.gl/fbAQLP

exports[`Header component renders properly 1`] = `
ShallowWrapper {
  "complexSelector": ComplexSelector {
    "buildPredicate": [Function],
    "childrenOfNode": [Function],
    "findWhereUnwrapped": [Function],
  },
  "length": 1,
  "node": <header>
    <p>
        NJ Portfolio
    </p>
</header>,
  "nodes": Array [
    <header>
      <p>
            NJ Portfolio
      </p>
</header>,
  ],
  "options": Object {},
  "renderer": ReactShallowRenderer {
    "_context": Object {},
    "_element": <Header />,
    "_forcedUpdate": false,
    "_instance": null,
    "_newState": null,
    "_rendered": <header>
      <p>
            NJ Portfolio
      </p>
</header>,
    "_rendering": false,
    "_updater": Updater {
      "_callbacks": Array [],
      "_renderer": [Circular],
    },
    "getRenderOutput": [Function],
    "render": [Function],
  },
  "root": [Circular],
  "unrendered": <Header />,
}
`;
