// Jest Snapshot v1, https://goo.gl/fbAQLP

exports[`Heading Component renders correctly 1`] = `
ShallowWrapper {
  "complexSelector": ComplexSelector {
    "buildPredicate": [Function],
    "childrenOfNode": [Function],
    "findWhereUnwrapped": [Function],
  },
  "length": 1,
  "node": <div
    className=""
>
    <GoogleMap
        bootstrapURLKeys={
            Object {
                "key": "AIzaSyAKIRNlT44mTTMRaL0Wm3npkMf-Deyasjw",
              }
        }
        debounced={true}
        defaultCenter={
            Object {
                "lat": 12.123,
                "lng": 32.21,
              }
        }
        defaultZoom={8}
        distanceToMouse={[Function]}
        googleMapLoader={[Function]}
        heatmap={Object {}}
        heatmapLibrary={false}
        hoverDistance={30}
        layerTypes={Array []}
        options={[Function]}
        style={
            Object {
                "height": "100%",
                "margin": 0,
                "padding": 0,
                "position": "relative",
                "width": "100%",
              }
        }
        yesIWantToUseGoogleMapApiInternals={false}
    >
        <AnyReactComponent
            lat={12.123}
            lng={32.21}
        />
    </GoogleMap>
</div>,
  "nodes": Array [
    <div
      className=""
>
      <GoogleMap
            bootstrapURLKeys={
                  Object {
                        "key": "AIzaSyAKIRNlT44mTTMRaL0Wm3npkMf-Deyasjw",
                      }
            }
            debounced={true}
            defaultCenter={
                  Object {
                        "lat": 12.123,
                        "lng": 32.21,
                      }
            }
            defaultZoom={8}
            distanceToMouse={[Function]}
            googleMapLoader={[Function]}
            heatmap={Object {}}
            heatmapLibrary={false}
            hoverDistance={30}
            layerTypes={Array []}
            options={[Function]}
            style={
                  Object {
                        "height": "100%",
                        "margin": 0,
                        "padding": 0,
                        "position": "relative",
                        "width": "100%",
                      }
            }
            yesIWantToUseGoogleMapApiInternals={false}
      >
            <AnyReactComponent
                  lat={12.123}
                  lng={32.21}
            />
      </GoogleMap>
</div>,
  ],
  "options": Object {},
  "renderer": ReactShallowRenderer {
    "_context": Object {},
    "_element": <SimpleMap
      customClass=""
      latitude={12.123}
      longitude={32.21}
      zoom={8}
/>,
    "_forcedUpdate": false,
    "_instance": null,
    "_newState": null,
    "_rendered": <div
      className=""
>
      <GoogleMap
            bootstrapURLKeys={
                  Object {
                        "key": "AIzaSyAKIRNlT44mTTMRaL0Wm3npkMf-Deyasjw",
                      }
            }
            debounced={true}
            defaultCenter={
                  Object {
                        "lat": 12.123,
                        "lng": 32.21,
                      }
            }
            defaultZoom={8}
            distanceToMouse={[Function]}
            googleMapLoader={[Function]}
            heatmap={Object {}}
            heatmapLibrary={false}
            hoverDistance={30}
            layerTypes={Array []}
            options={[Function]}
            style={
                  Object {
                        "height": "100%",
                        "margin": 0,
                        "padding": 0,
                        "position": "relative",
                        "width": "100%",
                      }
            }
            yesIWantToUseGoogleMapApiInternals={false}
      >
            <AnyReactComponent
                  lat={12.123}
                  lng={32.21}
            />
      </GoogleMap>
</div>,
    "_rendering": false,
    "_updater": Updater {
      "_callbacks": Array [],
      "_renderer": [Circular],
    },
    "getRenderOutput": [Function],
    "render": [Function],
  },
  "root": [Circular],
  "unrendered": <SimpleMap
    customClass=""
    latitude={12.123}
    longitude={32.21}
    zoom={8}
/>,
}
`;
